
*******************************
********** Parsed file ********
*******************************
open Instruct
val get_pos : debug_event -> Lexing.position
[@@@ocaml.text " Current events. *"]
val current_event : debug_event option ref
val get_current_event : unit -> debug_event
val current_event_is_before : unit -> bool

*******************************
****** GOSPEL translation *****
*******************************
(*@ open Gospelstdlib *)

open Instruct

val get_pos : debug_event -> Lexing.position


[@@@ocaml.text " Current events. *"]

val current_event : debug_event option ref


val get_current_event : unit -> debug_event


val current_event_is_before : unit -> bool

File "./asttypes.mli", line 28, characters 19-24:
Error: Symbol int32 not found
