
*******************************
********** Parsed file ********
*******************************
val counters : (string * (string * int array)) list ref
val incr : int array -> int -> unit

*******************************
****** GOSPEL translation *****
*******************************
(*@ open Gospelstdlib *)

val counters : (string * (string * int array)) list ref


val incr : int array -> int -> unit


*******************************
********* Typed GOSPEL ********
*******************************
module profiling.mli

  Namespace: profiling.mli
    Type symbols
      
    Logic Symbols
      
    Exception Symbols
      
    Namespaces
      
    Type Namespaces
      
  Signatures
    (*@ open Gospelstdlib *)
    
    val counters : (string * (string * int array)) list ref
    
    
    val incr : int array -> int -> unit
    


*** OK ***

