
*******************************
********** Parsed file ********
*******************************
val fundecl : Cmm.fundecl -> Mach.fundecl

*******************************
****** GOSPEL translation *****
*******************************
(*@ open Gospelstdlib *)

val fundecl : Cmm.fundecl -> Mach.fundecl


*******************************
********* Typed GOSPEL ********
*******************************
module selection.mli

  Namespace: selection.mli
    Type symbols
      
    Logic Symbols
      
    Exception Symbols
      
    Namespaces
      
    Type Namespaces
      
  Signatures
    (*@ open Gospelstdlib *)
    
    val fundecl : Cmm.fundecl -> Mach.fundecl
    


*** OK ***

