
*******************************
********** Parsed file ********
*******************************
val install_trap_barrier : int -> unit
val remove_trap_barrier : unit -> unit
val update_trap_barrier : unit -> unit
val exec_with_trap_barrier : int -> (unit -> unit) -> unit

*******************************
****** GOSPEL translation *****
*******************************
(*@ open Gospelstdlib *)

val install_trap_barrier : int -> unit


val remove_trap_barrier : unit -> unit


val update_trap_barrier : unit -> unit


val exec_with_trap_barrier : int -> (unit -> unit) -> unit


*******************************
********* Typed GOSPEL ********
*******************************
module trap_barrier.mli

  Namespace: trap_barrier.mli
    Type symbols
      
    Logic Symbols
      
    Exception Symbols
      
    Namespaces
      
    Type Namespaces
      
  Signatures
    (*@ open Gospelstdlib *)
    
    val install_trap_barrier : int -> unit
    
    
    val remove_trap_barrier : unit -> unit
    
    
    val update_trap_barrier : unit -> unit
    
    
    val exec_with_trap_barrier : int -> (unit -> unit) -> unit
    


*** OK ***

