
*******************************
********** Parsed file ********
*******************************
[@@@gospel  function rec f (x: bool) (y: int): bool = f y x ]

*******************************
****** GOSPEL translation *****
*******************************
(*@ open Gospelstdlib *)

(*@ function rec f  ... *)
File "t9.mli", line 2, characters 48-49:
Error: Type mysmatch. Cannot match int with bool
