
*******************************
********** Parsed file ********
*******************************
type 'a t
val f : (int -> int -> bool) -> 'a t -> 'a t -> bool[@@gospel {| equality |}]

*******************************
****** GOSPEL translation *****
*******************************
(*@ open Gospelstdlib *)

type 'a t
  

val f : (int -> int -> bool) -> 'a t -> 'a t -> bool
(*@ equality
     *)
File "extra_arg.mli", lines 3-4, characters 0-25:
Error: Type checking error: type is incompatible with equality clause
