
*******************************
********** Parsed file ********
*******************************
type 'a t
val f : 'a t -> 'b t -> bool[@@gospel {| equality |}]

*******************************
****** GOSPEL translation *****
*******************************
(*@ open Gospelstdlib *)

type 'a t
  

val f : 'a t -> 'b t -> bool
(*@ equality
     *)
File "type_arg.mli", lines 3-4, characters 0-25:
Error: Type checking error: type is incompatible with equality clause
