
*******************************
********** Parsed file ********
*******************************
val f : int -> int -> string[@@gospel {| equality |}]

*******************************
****** GOSPEL translation *****
*******************************
(*@ open Gospelstdlib *)

val f : int -> int -> string
(*@ equality
     *)
File "wrong_ret.mli", lines 1-2, characters 0-25:
Error: Type checking error: type is incompatible with equality clause
