
*******************************
********** Parsed file ********
*******************************
type t = private int
val make : int -> t
external from : t -> int = "%identity"

*******************************
****** GOSPEL translation *****
*******************************
(*@ open Gospelstdlib *)

type t = private int
  

val make : int -> t


external from : t -> int = "%identity"


*******************************
********* Typed GOSPEL ********
*******************************
module length.mli

  Namespace: length.mli
    Type symbols
       t [=int]
      
    Logic Symbols
      
    Exception Symbols
      
    Namespaces
      
    Type Namespaces
      
  Signatures
    (*@ open Gospelstdlib *)
    
    type t = int
    
    
    val make : int -> t
    
    
    external from : t -> int = "%identity"
    


*** OK ***

