
*******************************
********** Parsed file ********
*******************************
open Format
val create_archive : string list -> string -> unit
type error =
  | File_not_found of string 
  | Archiver_error of string 
exception Error of error 
val report_error : formatter -> error -> unit

*******************************
****** GOSPEL translation *****
*******************************
(*@ open Gospelstdlib *)

open Format

val create_archive : string list -> string -> unit


type error =
| File_not_found of string 
| Archiver_error of string 
  

exception Error of error 

val report_error : formatter -> error -> unit

gospel: internal error, uncaught exception:
        File "gospel/ocaml-lib/typing.ml", line 515, characters 22-28: Assertion failed
        
