
*******************************
********** Parsed file ********
*******************************
[@@@ocaml.text
  " Available registers analysis used to determine which variables may be\n    shown in the debugger. "]
val fundecl : Mach.fundecl -> Mach.fundecl

*******************************
****** GOSPEL translation *****
*******************************
(*@ open Gospelstdlib *)

[@@@ocaml.text
  " Available registers analysis used to determine which variables may be\n    shown in the debugger. "]

val fundecl : Mach.fundecl -> Mach.fundecl


*******************************
********* Typed GOSPEL ********
*******************************
module available_regs.mli

  Namespace: available_regs.mli
    Type symbols
      
    Logic Symbols
      
    Exception Symbols
      
    Namespaces
      
    Type Namespaces
      
  Signatures
    (*@ open Gospelstdlib *)
    
    [@@@ocaml.text
      " Available registers analysis used to determine which variables may be\n    shown in the debugger. "]
    
    val fundecl : Mach.fundecl -> Mach.fundecl
    


*** OK ***

