
*******************************
********** Parsed file ********
*******************************
[@@@ocaml.warning "+a-4-9-30-40-41-42"]
[@@@ocaml.text
  " Transformations on export information that are only used for the\n    building of packs. "]
val import_for_pack :
  pack_units:Compilation_unit.Set.t ->
    pack:Compilation_unit.t -> Export_info.t -> Export_info.t[@@ocaml.doc
                                                               " Transform the information from [exported] to be\n    suitable to be reexported as the information for a pack named [pack]\n    containing units [pack_units].\n    It mainly changes symbols of units [pack_units] to refer to\n    [pack] instead. "]
val clear_import_state : unit -> unit[@@ocaml.doc
                                       " Drops the state after importing several units in the same pack. "]

*******************************
****** GOSPEL translation *****
*******************************
(*@ open Gospelstdlib *)

[@@@ocaml.warning "+a-4-9-30-40-41-42"]

[@@@ocaml.text
  " Transformations on export information that are only used for the\n    building of packs. "]

val import_for_pack :
  pack_units:Compilation_unit.Set.t ->
    pack:Compilation_unit.t -> Export_info.t -> Export_info.t[@@ocaml.doc
                                                               " Transform the information from [exported] to be\n    suitable to be reexported as the information for a pack named [pack]\n    containing units [pack_units].\n    It mainly changes symbols of units [pack_units] to refer to\n    [pack] instead. "]


val clear_import_state : unit -> unit[@@ocaml.doc
                                       " Drops the state after importing several units in the same pack. "]


*******************************
********* Typed GOSPEL ********
*******************************
module export_info_for_pack.mli

  Namespace: export_info_for_pack.mli
    Type symbols
      
    Logic Symbols
      
    Exception Symbols
      
    Namespaces
      
    Type Namespaces
      
  Signatures
    (*@ open Gospelstdlib *)
    
    [@@@ocaml.warning "+a-4-9-30-40-41-42"]
    
    [@@@ocaml.text
      " Transformations on export information that are only used for the\n    building of packs. "]
    
    val import_for_pack :
    pack_units:Compilation_unit.Set.t ->
      pack:Compilation_unit.t -> Export_info.t -> Export_info.t[@@ocaml.doc
                                                                 " Transform the information from [exported] to be\n    suitable to be reexported as the information for a pack named [pack]\n    containing units [pack_units].\n    It mainly changes symbols of units [pack_units] to refer to\n    [pack] instead. "]
    
    
    val clear_import_state :
    unit -> unit[@@ocaml.doc
                  " Drops the state after importing several units in the same pack. "]
    


*** OK ***

