
*******************************
********** Parsed file ********
*******************************
open Instruct
val current_frame : int ref
val selected_event : debug_event option ref
val selected_point : unit -> (string * int * int)
val selected_event_is_before : unit -> bool
val select_frame : int -> unit
val try_select_frame : int -> unit
val reset_frame : unit -> unit
val do_backtrace : (debug_event option -> bool) -> unit
val stack_depth : unit -> int

*******************************
****** GOSPEL translation *****
*******************************
(*@ open Gospelstdlib *)

open Instruct

val current_frame : int ref


val selected_event : debug_event option ref


val selected_point : unit -> (string * int * int)


val selected_event_is_before : unit -> bool


val select_frame : int -> unit


val try_select_frame : int -> unit


val reset_frame : unit -> unit


val do_backtrace : (debug_event option -> bool) -> unit


val stack_depth : unit -> int

File "./asttypes.mli", line 28, characters 19-24:
Error: Symbol int32 not found
