
*******************************
********** Parsed file ********
*******************************
val output_lexdef :
  in_channel ->
    out_channel ->
      Common.line_tracker ->
        Syntax.location ->
          Syntax.location option ->
            (string list, Syntax.location) Lexgen.automata_entry list ->
              Lexgen.automata array -> Syntax.location -> unit

*******************************
****** GOSPEL translation *****
*******************************
(*@ open Gospelstdlib *)

val output_lexdef :
  in_channel ->
    out_channel ->
      Common.line_tracker ->
        Syntax.location ->
          Syntax.location option ->
            (string list, Syntax.location) Lexgen.automata_entry list ->
              Lexgen.automata array -> Syntax.location -> unit


*******************************
********* Typed GOSPEL ********
*******************************
module outputbis.mli

  Namespace: outputbis.mli
    Type symbols
      
    Logic Symbols
      
    Exception Symbols
      
    Namespaces
      
    Type Namespaces
      
  Signatures
    (*@ open Gospelstdlib *)
    
    val output_lexdef :
    in_channel ->
      out_channel ->
        Common.line_tracker ->
          Syntax.location ->
            Syntax.location option ->
              (string list, Syntax.location) Lexgen.automata_entry list ->
                Lexgen.automata array -> Syntax.location -> unit
    


*** OK ***

