
*******************************
********** Parsed file ********
*******************************
[@@@ocaml.text " Test [include module type of...] variants "]
module A : sig type t end
module M :
sig
  [@@@ocaml.text " A module M "]
  module Inner : sig type t end
  module Alias = A
  type t
end
module B : sig include module type of M end
include module type of struct include M end

*******************************
****** GOSPEL translation *****
*******************************
(*@ open Gospelstdlib *)

[@@@ocaml.text " Test [include module type of...] variants "]

module A : sig type t
                end

module M :
sig
  [@@@ocaml.text " A module M "]
  module Inner : sig type t
                      end
  module Alias = A
  type t
    
end

module B : sig include module type of M end

include module type of struct include M end

*******************************
********* Typed GOSPEL ********
*******************************
module Include_module_type_of.mli

  Namespace: Include_module_type_of.mli
    Type symbols
      
    Logic Symbols
      
    Exception Symbols
      
    Namespaces
      Namespace: A
        Type symbols
           t
          
        Logic Symbols
          
        Exception Symbols
          
        Namespaces
          
        Type Namespaces
          
      Namespace: B
        Type symbols
          
        Logic Symbols
          
        Exception Symbols
          
        Namespaces
          
        Type Namespaces
          
      Namespace: M
        Type symbols
           t#1
          
        Logic Symbols
          
        Exception Symbols
          
        Namespaces
          Namespace: Alias
            Type symbols
               t
              
            Logic Symbols
              
            Exception Symbols
              
            Namespaces
              
            Type Namespaces
              
          Namespace: Inner
            Type symbols
               t#2
              
            Logic Symbols
              
            Exception Symbols
              
            Namespaces
              
            Type Namespaces
              
          
        Type Namespaces
          
      
    Type Namespaces
      
  Signatures
    (*@ open Gospelstdlib *)
    
    [@@@ocaml.text " Test [include module type of...] variants "]
    
    module A : sig
                 type t
                 
               end
    
    module M :
    sig
      [@@@ocaml.text " A module M "]
      module Inner : sig
                       type t#2
                       
                     end
      module Alias = A
      type t#1
      
    end
    
    module B : sig
                 include module type of M
               end
    
    include module type of struct include M end


*** OK ***

