
*******************************
********** Parsed file ********
*******************************
[@@@gospel {| axiom a1: 1 |}]

*******************************
****** GOSPEL translation *****
*******************************
(*@ open Gospelstdlib *)

(*@ axiom ... *)
File "_none_", line 1, characters 11-12:
Error: Type mysmatch. Cannot match integer with bool
