
*******************************
********** Parsed file ********
*******************************
val f : int -> int -> int[@@gospel {| r = f ~x y|}]

*******************************
****** GOSPEL translation *****
*******************************
(*@ open Stdlib *)

(*@ open Gospelstdlib *)

val f : int -> int -> int
(*@ r = f ~x y
     *)
File "t17.mli", line 12, characters 8-9:
Error: Type checking error: parameter do not match with val type.
