
*******************************
********** Parsed file ********
*******************************
val f : y:int -> int -> int[@@gospel {| r = f ?y x|}]

*******************************
****** GOSPEL translation *****
*******************************
(*@ open Stdlib *)

(*@ open Gospelstdlib *)

val f : y:int -> int -> int
(*@ r = f ?y x
     *)
File "t21.mli", line 12, characters 8-9:
Error: Type checking error: parameter do not match with val type.
