
*******************************
********** Parsed file ********
*******************************
val f : y:int -> int -> int[@@gospel {| r = f ?y x|}]

*******************************
****** GOSPEL translation *****
*******************************
(*@ open Gospelstdlib *)

val f : y:int -> int -> int
(*@ r = f ?y x
     *)
gospel: internal error, uncaught exception:
        Gospel.Utils.Located(_, _)
        
