
*******************************
********** Parsed file ********
*******************************
type 'a t1 = {
  x: int ;
  y: 'a }
type ('a, 'b) t2 = 'a t1
[@@@gospel
  {| function f (x: 'a t1): ('b,int) t2 =
    match x with
    | {x;y} -> {x;y} |}]

*******************************
****** GOSPEL translation *****
*******************************
(*@ open Gospelstdlib *)

type 'a t1 = {
x: int ;
y: 'a }
  

type ('a, 'b) t2 = 'a t1
  

(*@ function f ... *)
File "t38.mli", lines 15-16, characters 4-20:
Error: Type mismatch. Cannot match 'a t1 with 'b t1
