
*******************************
********** Parsed file ********
*******************************
[@@@gospel {| predicate pred (x:int) = x |}]

*******************************
****** GOSPEL translation *****
*******************************
(*@ open Gospelstdlib *)

(*@ predicate pred ... *)
File "_none_", line 1, characters 26-27:
Error: Type mysmatch. Cannot match int with bool
