
*******************************
********** Parsed file ********
*******************************
[@@@gospel {| open Ocamlstdlib |}]
open A
type t3 = (t1 * int t2)
[@@@gospel {| function f4 (x: int t2) (y: t1) : t3 = (y,x) |}]

*******************************
****** GOSPEL translation *****
*******************************
(*@ open Gospelstdlib *)

(*@ open Ocamlstdlib *)

open A

type t3 = (t1 * int t2)
  

(*@ function f4 ... *)
File "_none_", line 1, characters 6-17:
Error: Type checking error: no module with name Ocamlstdlib or file with name ocamlstdlib.mli
