
*******************************
********** Parsed file ********
*******************************
open Types
open Ctype
open Format
val class_types :
  Env.t -> class_type -> class_type -> class_match_failure list
val class_type_declarations :
  loc:Location.t ->
    Env.t ->
      class_type_declaration ->
        class_type_declaration -> class_match_failure list
val class_declarations :
  Env.t -> class_declaration -> class_declaration -> class_match_failure list
val report_error : formatter -> class_match_failure list -> unit

*******************************
****** GOSPEL translation *****
*******************************
(*@ open Gospelstdlib *)

open Types

open Ctype

open Format

val class_types :
  Env.t -> class_type -> class_type -> class_match_failure list


val class_type_declarations :
  loc:Location.t ->
    Env.t ->
      class_type_declaration ->
        class_type_declaration -> class_match_failure list


val class_declarations :
  Env.t -> class_declaration -> class_declaration -> class_match_failure list


val report_error : formatter -> class_match_failure list -> unit

File "./asttypes.mli", line 28, characters 19-24:
Error: Symbol int32 not found
