
*******************************
********** Parsed file ********
*******************************
[@@@ocaml.warning "+a-4-9-30-40-41-42"]
val middle_end :
  ppf_dump:Format.formatter ->
    prefixname:string ->
      backend:(module Backend_intf.S) ->
        size:int ->
          filename:string ->
            module_ident:Ident.t ->
              module_initializer:Lambda.lambda -> Flambda.program

*******************************
****** GOSPEL translation *****
*******************************
(*@ open Gospelstdlib *)

[@@@ocaml.warning "+a-4-9-30-40-41-42"]

val middle_end :
  ppf_dump:Format.formatter ->
    prefixname:string ->
      backend:(module Backend_intf.S) ->
        size:int ->
          filename:string ->
            module_ident:Ident.t ->
              module_initializer:Lambda.lambda -> Flambda.program


*******************************
********* Typed GOSPEL ********
*******************************
module middle_end.mli

  Namespace: middle_end.mli
    Type symbols
      
    Logic Symbols
      
    Exception Symbols
      
    Namespaces
      
    Type Namespaces
      
  Signatures
    (*@ open Gospelstdlib *)
    
    [@@@ocaml.warning "+a-4-9-30-40-41-42"]
    
    val middle_end :
    ppf_dump:Format.formatter ->
      prefixname:string ->
        backend:(module Backend_intf.S) ->
          size:int ->
            filename:string ->
              module_ident:Ident.t ->
                module_initializer:Lambda.lambda -> Flambda.program
    


*** OK ***

