
*******************************
********** Parsed file ********
*******************************
[@@@ocaml.text
  " Raw printer for {!Parsetree}\n\n  {b Warning:} this module is unstable and part of\n  {{!Compiler_libs}compiler-libs}.\n\n"]
open Parsetree
open Format
val interface : formatter -> signature_item list -> unit
val implementation : formatter -> structure_item list -> unit
val top_phrase : formatter -> toplevel_phrase -> unit
val expression : int -> formatter -> expression -> unit
val structure : int -> formatter -> structure -> unit
val payload : int -> formatter -> payload -> unit

*******************************
****** GOSPEL translation *****
*******************************
(*@ open Gospelstdlib *)

[@@@ocaml.text
  " Raw printer for {!Parsetree}\n\n  {b Warning:} this module is unstable and part of\n  {{!Compiler_libs}compiler-libs}.\n\n"]

open Parsetree

open Format

val interface : formatter -> signature_item list -> unit


val implementation : formatter -> structure_item list -> unit


val top_phrase : formatter -> toplevel_phrase -> unit


val expression : int -> formatter -> expression -> unit


val structure : int -> formatter -> structure -> unit


val payload : int -> formatter -> payload -> unit

File "./asttypes.mli", line 28, characters 19-24:
Error: Symbol int32 not found
