
*******************************
********** Parsed file ********
*******************************
[@@@gospel  function rec f (x: bool) (y: int): bool = f x y ]
[@@@gospel
   function g (a: int): float =
      if (f true a) then 1. else 2. ]
[@@@gospel  function int_of_integer (x:integer): int ]
[@@@gospel
   function h (a:int) (b:bool) (c:'a): bool =
      if a = int_of_integer 2
      then f b (int_of_integer 3)
      else g (int_of_integer 4) = (int_of_integer 5)
 ]

*******************************
****** GOSPEL translation *****
*******************************
(*@ open Gospelstdlib *)

(*@ function rec f ... *)

(*@ function g ... *)

(*@ function int_of_integer ... *)

(*@ function h ... *)
File "t12.mli", line 21, characters 11-31:
Error: Type mysmatch. Cannot match float with int
