
*******************************
********** Parsed file ********
*******************************
type t1
[@@@gospel {| function c (x: t1) : t1 |}[@@gospel {| coercion |}]]

*******************************
****** GOSPEL translation *****
*******************************
(*@ open Gospelstdlib *)

type t1
  

(*@ function c ...
    coercion *)
File "_none_", line 1, characters 10-11:
Error: Function c cannot be used as a coercion
